../Drivers/CMSIS/Include/core_cm4.h:1657:22:__NVIC_SetPriorityGrouping	1
../Drivers/CMSIS/Include/core_cm4.h:1676:26:__NVIC_GetPriorityGrouping	1
../Drivers/CMSIS/Include/core_cm4.h:1816:22:__NVIC_SetPriority	2
../Drivers/CMSIS/Include/core_cm4.h:1863:26:NVIC_EncodePriority	2
../Drivers/STM32F3xx_HAL_Driver/Inc/stm32f3xx_ll_rcc.h:1075:22:LL_RCC_HSI_Enable	1
../Drivers/STM32F3xx_HAL_Driver/Inc/stm32f3xx_ll_rcc.h:1093:26:LL_RCC_HSI_IsReady	1
../Drivers/STM32F3xx_HAL_Driver/Inc/stm32f3xx_ll_rcc.h:1117:22:LL_RCC_HSI_SetCalibTrimming	1
../Drivers/STM32F3xx_HAL_Driver/Inc/stm32f3xx_ll_rcc.h:1263:22:LL_RCC_SetSysClkSource	1
../Drivers/STM32F3xx_HAL_Driver/Inc/stm32f3xx_ll_rcc.h:1275:26:LL_RCC_GetSysClkSource	1
../Drivers/STM32F3xx_HAL_Driver/Inc/stm32f3xx_ll_rcc.h:1294:22:LL_RCC_SetAHBPrescaler	1
../Drivers/STM32F3xx_HAL_Driver/Inc/stm32f3xx_ll_rcc.h:1309:22:LL_RCC_SetAPB1Prescaler	1
../Drivers/STM32F3xx_HAL_Driver/Inc/stm32f3xx_ll_rcc.h:1324:22:LL_RCC_SetAPB2Prescaler	1
../Drivers/STM32F3xx_HAL_Driver/Inc/stm32f3xx_ll_rcc.h:1500:22:LL_RCC_SetI2CClockSource	1
../Drivers/STM32F3xx_HAL_Driver/Inc/stm32f3xx_ll_bus.h:530:23:LL_APB1_GRP1_EnableClock	1
../Drivers/STM32F3xx_HAL_Driver/Inc/stm32f3xx_ll_bus.h:839:23:LL_APB2_GRP1_EnableClock	1
../Drivers/STM32F3xx_HAL_Driver/Inc/stm32f3xx_ll_system.h:1587:23:LL_FLASH_SetLatency	1
../Drivers/STM32F3xx_HAL_Driver/Inc/stm32f3xx_ll_system.h:1599:27:LL_FLASH_GetLatency	1
../Src/main.c:72:5:main	1
../Src/main.c:134:6:SystemClock_Config	4
../Src/main.c:171:6:Error_Handler	1
