../Drivers/STM32F3xx_HAL_Driver/Inc/stm32f3xx_ll_rcc.h:1084:22:LL_RCC_HSI_Enable	4	static
../Drivers/STM32F3xx_HAL_Driver/Inc/stm32f3xx_ll_rcc.h:1104:26:LL_RCC_HSI_IsReady	4	static
../Drivers/STM32F3xx_HAL_Driver/Inc/stm32f3xx_ll_rcc.h:1130:22:LL_RCC_HSI_SetCalibTrimming	16	static
../Drivers/STM32F3xx_HAL_Driver/Inc/stm32f3xx_ll_rcc.h:1288:22:LL_RCC_SetSysClkSource	16	static
../Drivers/STM32F3xx_HAL_Driver/Inc/stm32f3xx_ll_rcc.h:1301:26:LL_RCC_GetSysClkSource	4	static
../Drivers/STM32F3xx_HAL_Driver/Inc/stm32f3xx_ll_rcc.h:1321:22:LL_RCC_SetAHBPrescaler	16	static
../Drivers/STM32F3xx_HAL_Driver/Inc/stm32f3xx_ll_rcc.h:1337:22:LL_RCC_SetAPB1Prescaler	16	static
../Drivers/STM32F3xx_HAL_Driver/Inc/stm32f3xx_ll_rcc.h:1353:22:LL_RCC_SetAPB2Prescaler	16	static
../Drivers/STM32F3xx_HAL_Driver/Inc/stm32f3xx_ll_rcc.h:1531:22:LL_RCC_SetI2CClockSource	16	static
../Drivers/STM32F3xx_HAL_Driver/Inc/stm32f3xx_ll_system.h:1619:22:LL_FLASH_SetLatency	16	static
../Drivers/STM32F3xx_HAL_Driver/Inc/stm32f3xx_ll_system.h:1632:26:LL_FLASH_GetLatency	4	static
../Src/main.c:46:6:read_array	24	static
../Src/main.c:51:6:get_acc	40	static
../Src/main.c:67:9:lsm6ds0_init	16	static
../Src/main.c:89:5:main	32	static
../Src/main.c:121:6:SystemClock_Config	8	static
../Src/main.c:163:6:Error_Handler	4	static
